~/test-1-Alpha1831$ gcc -g p5original.c
~/test-1-Alpha1831$ gdb a.out
GNU gdb (Ubuntu 8.1.1-0ubuntu1) 8.1.1
Copyright (C) 2018 Free Software Foundation, Inc.
License GPLv3+: GNU GPL version 3 or later <http://gnu.org/licenses/gpl.html>
This is free software: you are free to change and redistribute it.
There is NO WARRANTY, to the extent permitted by law.  Type "show copying"
and "show warranty" for details.
This GDB was configured as "x86_64-linux-gnu".
Type "show configuration" for configuration details.
For bug reporting instructions, please see:
<http://www.gnu.org/software/gdb/bugs/>.
Find the GDB manual and other documentation resources online at:
<http://www.gnu.org/software/gdb/documentation/>.
For help, type "help".
Type "apropos word" to search for commands related to "word"...
Reading symbols from a.out...done.
(gdb) break main
Breakpoint 1 at 0x722: file p5original.c, line 5.
(gdb) r
Starting program: /home/runner/test-1-Alpha1831/a.out 
warning: Error disabling address space randomization: Operation not permitted

Breakpoint 1, main () at p5original.c:5
5   {
(gdb) n
7     input(&A,&B,&C);
(gdb) s
input (a=0x7ffe25025cd8, b=0x7ffe25025cdc, c=0x7ffe25025ce0)
    at p5original.c:14
14    scanf("%d %d %d",a,b,c);
(gdb) c
Continuing.
5 3 9
Largest of the three numbers is 9[Inferior 1 (process 40) exited normally]
(gdb) 